Report End Points: 
-----+-------+------+-------+-----+-----+-----+-----+-----------+---------
     |Group  |Launch|Capture|Shift|Delay|Depth|Slack|Begin Point|End Point
-----+-------+------+-------+-----+-----+-----+-----+-----------+---------
1    |default|      |       |     |     |     |     |           |         
-----+-------+------+-------+-----+-----+-----+-----+-----------+---------
Report End Points: 
-----+-----+------+-------+-----+-----+-----+-----+-----------+---------
     |Group|Launch|Capture|Shift|Delay|Depth|Slack|Begin Point|End Point
-----+-----+------+-------+-----+-----+-----+-----+-----------+---------
1    |I2R  |      |       |     |     |     |     |           |         
-----+-----+------+-------+-----+-----+-----+-----+-----------+---------
Report End Points: 
-----+-----+-------+-------+-------+------+-----+-------+-----------+---------
     |Group|Launch |Capture|Shift  |Delay |Depth|Slack  |Begin Point|End Point
-----+-----+-------+-------+-------+------+-----+-------+-----------+---------
1    |I2O  |vsysclk|vsysclk|20000.0|1655.2|   32|16844.8|Cin        |sum[31]  
2    |I2O  |vsysclk|vsysclk|20000.0|1605.4|   31|16894.6|Cin        |sum[30]  
3    |I2O  |vsysclk|vsysclk|20000.0|1555.8|   30|16944.2|Cin        |sum[29]  
4    |I2O  |vsysclk|vsysclk|20000.0|1506.0|   29|16994.0|Cin        |sum[28]  
5    |I2O  |vsysclk|vsysclk|20000.0|1456.3|   28|17043.7|Cin        |sum[27]  
6    |I2O  |vsysclk|vsysclk|20000.0|1406.6|   27|17093.4|Cin        |sum[26]  
7    |I2O  |vsysclk|vsysclk|20000.0|1356.9|   26|17143.1|Cin        |sum[25]  
8    |I2O  |vsysclk|vsysclk|20000.0|1307.2|   25|17192.8|Cin        |sum[24]  
9    |I2O  |vsysclk|vsysclk|20000.0|1257.5|   24|17242.5|Cin        |sum[23]  
10   |I2O  |vsysclk|vsysclk|20000.0|1207.8|   23|17292.2|Cin        |sum[22]  
11   |I2O  |vsysclk|vsysclk|20000.0|1158.1|   22|17341.9|Cin        |sum[21]  
12   |I2O  |vsysclk|vsysclk|20000.0|1108.4|   21|17391.6|Cin        |sum[20]  
13   |I2O  |vsysclk|vsysclk|20000.0|1058.7|   20|17441.3|Cin        |sum[19]  
14   |I2O  |vsysclk|vsysclk|20000.0|1009.0|   19|17491.0|Cin        |sum[18]  
15   |I2O  |vsysclk|vsysclk|20000.0| 959.3|   18|17540.7|Cin        |sum[17]  
16   |I2O  |vsysclk|vsysclk|20000.0| 909.6|   17|17590.4|Cin        |sum[16]  
17   |I2O  |vsysclk|vsysclk|20000.0| 859.9|   16|17640.1|Cin        |sum[15]  
18   |I2O  |vsysclk|vsysclk|20000.0| 810.1|   15|17689.9|Cin        |sum[14]  
19   |I2O  |vsysclk|vsysclk|20000.0| 760.5|   14|17739.5|Cin        |sum[13]  
20   |I2O  |vsysclk|vsysclk|20000.0| 710.7|   13|17789.3|Cin        |sum[12]  
21   |I2O  |vsysclk|vsysclk|20000.0| 661.0|   12|17839.0|Cin        |sum[11]  
22   |I2O  |vsysclk|vsysclk|20000.0| 611.3|   11|17888.7|Cin        |sum[10]  
23   |I2O  |vsysclk|vsysclk|20000.0| 561.6|   10|17938.4|Cin        |sum[9]   
24   |I2O  |vsysclk|vsysclk|20000.0| 511.9|    9|17988.1|Cin        |sum[8]   
25   |I2O  |vsysclk|vsysclk|20000.0| 462.2|    8|18037.8|Cin        |sum[7]   
26   |I2O  |vsysclk|vsysclk|20000.0| 412.5|    7|18087.5|Cin        |sum[6]   
27   |I2O  |vsysclk|vsysclk|20000.0| 362.8|    6|18137.2|Cin        |sum[5]   
28   |I2O  |vsysclk|vsysclk|20000.0| 313.1|    5|18186.9|Cin        |sum[4]   
29   |I2O  |vsysclk|vsysclk|20000.0| 263.4|    4|18236.6|Cin        |sum[3]   
30   |I2O  |vsysclk|vsysclk|20000.0| 213.7|    3|18286.3|Cin        |sum[2]   
31   |I2O  |vsysclk|vsysclk|20000.0| 164.0|    2|18336.0|Cin        |sum[1]   
32   |I2O  |vsysclk|vsysclk|20000.0| 113.3|    1|18386.7|a[0]       |sum[0]   
-----+-----+-------+-------+-------+------+-----+-------+-----------+---------
Report End Points: 
-----+-----+------+-------+-----+-----+-----+-----+-----------+---------
     |Group|Launch|Capture|Shift|Delay|Depth|Slack|Begin Point|End Point
-----+-----+------+-------+-----+-----+-----+-----+-----------+---------
1    |R2O  |      |       |     |     |     |     |           |         
-----+-----+------+-------+-----+-----+-----+-----+-----------+---------
