Report End Points: 
-----+-------+------+-------+-----+-----+-----+-----+-----------+---------
     |Group  |Launch|Capture|Shift|Delay|Depth|Slack|Begin Point|End Point
-----+-------+------+-------+-----+-----+-----+-----+-----------+---------
1    |default|      |       |     |     |     |     |           |         
-----+-------+------+-------+-----+-----+-----+-----+-----------+---------
Report End Points: 
-----+-----+------+-------+-----+-----+-----+-----+-----------+---------
     |Group|Launch|Capture|Shift|Delay|Depth|Slack|Begin Point|End Point
-----+-----+------+-------+-----+-----+-----+-----+-----------+---------
1    |I2R  |      |       |     |     |     |     |           |         
-----+-----+------+-------+-----+-----+-----+-----+-----------+---------
Report End Points: 
-----+-----+-------+-------+-------+------+-----+-------+-----------+---------
     |Group|Launch |Capture|Shift  |Delay |Depth|Slack  |Begin Point|End Point
-----+-----+-------+-------+-------+------+-----+-------+-----------+---------
1    |I2O  |vsysclk|vsysclk|20000.0|2387.8|   66|16112.2|Y[0]       |OF       
2    |I2O  |vsysclk|vsysclk|20000.0|2319.4|   65|16180.6|Y[0]       |Cout     
3    |I2O  |vsysclk|vsysclk|20000.0|2246.0|   63|16254.0|Y[0]       |S[31]    
4    |I2O  |vsysclk|vsysclk|20000.0|2174.7|   61|16325.3|Y[0]       |S[30]    
5    |I2O  |vsysclk|vsysclk|20000.0|2103.6|   59|16396.4|Y[0]       |S[29]    
6    |I2O  |vsysclk|vsysclk|20000.0|2032.3|   57|16467.7|Y[0]       |S[28]    
7    |I2O  |vsysclk|vsysclk|20000.0|1961.1|   55|16538.9|Y[0]       |S[27]    
8    |I2O  |vsysclk|vsysclk|20000.0|1889.9|   53|16610.1|Y[0]       |S[26]    
9    |I2O  |vsysclk|vsysclk|20000.0|1818.7|   51|16681.3|Y[0]       |S[25]    
10   |I2O  |vsysclk|vsysclk|20000.0|1747.5|   49|16752.5|Y[0]       |S[24]    
11   |I2O  |vsysclk|vsysclk|20000.0|1676.3|   47|16823.7|Y[0]       |S[23]    
12   |I2O  |vsysclk|vsysclk|20000.0|1605.1|   45|16894.9|Y[0]       |S[22]    
13   |I2O  |vsysclk|vsysclk|20000.0|1533.9|   43|16966.1|Y[0]       |S[21]    
14   |I2O  |vsysclk|vsysclk|20000.0|1462.7|   41|17037.3|Y[0]       |S[20]    
15   |I2O  |vsysclk|vsysclk|20000.0|1391.5|   39|17108.5|Y[0]       |S[19]    
16   |I2O  |vsysclk|vsysclk|20000.0|1320.3|   37|17179.7|Y[0]       |S[18]    
17   |I2O  |vsysclk|vsysclk|20000.0|1249.1|   35|17250.9|Y[0]       |S[17]    
18   |I2O  |vsysclk|vsysclk|20000.0|1177.9|   33|17322.1|Y[0]       |S[16]    
19   |I2O  |vsysclk|vsysclk|20000.0|1106.7|   31|17393.3|Y[0]       |S[15]    
20   |I2O  |vsysclk|vsysclk|20000.0|1035.5|   29|17464.5|Y[0]       |S[14]    
21   |I2O  |vsysclk|vsysclk|20000.0| 964.3|   27|17535.7|Y[0]       |S[13]    
22   |I2O  |vsysclk|vsysclk|20000.0| 893.0|   25|17607.0|Y[0]       |S[12]    
23   |I2O  |vsysclk|vsysclk|20000.0| 821.8|   23|17678.2|Y[0]       |S[11]    
24   |I2O  |vsysclk|vsysclk|20000.0| 750.6|   21|17749.4|Y[0]       |S[10]    
25   |I2O  |vsysclk|vsysclk|20000.0| 679.4|   19|17820.6|Y[0]       |S[9]     
26   |I2O  |vsysclk|vsysclk|20000.0| 608.2|   17|17891.8|Y[0]       |S[8]     
27   |I2O  |vsysclk|vsysclk|20000.0| 537.1|   15|17962.9|Y[0]       |S[7]     
28   |I2O  |vsysclk|vsysclk|20000.0| 465.8|   13|18034.2|Y[0]       |S[6]     
29   |I2O  |vsysclk|vsysclk|20000.0| 394.7|   11|18105.3|Y[0]       |S[5]     
30   |I2O  |vsysclk|vsysclk|20000.0| 323.4|    9|18176.6|Y[0]       |S[4]     
31   |I2O  |vsysclk|vsysclk|20000.0| 252.2|    7|18247.8|Y[0]       |S[3]     
32   |I2O  |vsysclk|vsysclk|20000.0| 181.1|    5|18318.9|Y[0]       |S[2]     
33   |I2O  |vsysclk|vsysclk|20000.0| 153.8|    4|18346.2|Y[0]       |S[1]     
34   |I2O  |vsysclk|vsysclk|20000.0|  98.6|    2|18401.4|X[0]       |S[0]     
-----+-----+-------+-------+-------+------+-----+-------+-----------+---------
Report End Points: 
-----+-----+------+-------+-----+-----+-----+-----+-----------+---------
     |Group|Launch|Capture|Shift|Delay|Depth|Slack|Begin Point|End Point
-----+-----+------+-------+-----+-----+-----+-----+-----------+---------
1    |R2O  |      |       |     |     |     |     |           |         
-----+-----+------+-------+-----+-----+-----+-----+-----------+---------
