Report End Points: 
-----+-------+------+-------+-----+-----+-----+-----+-----------+---------
     |Group  |Launch|Capture|Shift|Delay|Depth|Slack|Begin Point|End Point
-----+-------+------+-------+-----+-----+-----+-----+-----------+---------
1    |default|      |       |     |     |     |     |           |         
-----+-------+------+-------+-----+-----+-----+-----+-----------+---------
Report End Points: 
-----+-----+------+-------+-----+-----+-----+-----+-----------+---------
     |Group|Launch|Capture|Shift|Delay|Depth|Slack|Begin Point|End Point
-----+-----+------+-------+-----+-----+-----+-----+-----------+---------
1    |I2R  |      |       |     |     |     |     |           |         
-----+-----+------+-------+-----+-----+-----+-----+-----------+---------
Report End Points: 
-----+-----+-------+-------+-------+-----+-----+-------+-----------+---------
     |Group|Launch |Capture|Shift  |Delay|Depth|Slack  |Begin Point|End Point
-----+-----+-------+-------+-------+-----+-----+-------+-----------+---------
1    |I2O  |vsysclk|vsysclk|20000.0|342.0|    7|18158.0|A[27]      |O[22]    
2    |I2O  |vsysclk|vsysclk|20000.0|342.0|    7|18158.0|A[27]      |O[21]    
3    |I2O  |vsysclk|vsysclk|20000.0|342.0|    7|18158.0|A[27]      |O[20]    
4    |I2O  |vsysclk|vsysclk|20000.0|342.0|    7|18158.0|A[27]      |O[19]    
5    |I2O  |vsysclk|vsysclk|20000.0|342.0|    7|18158.0|A[27]      |O[18]    
6    |I2O  |vsysclk|vsysclk|20000.0|342.0|    7|18158.0|A[27]      |O[17]    
7    |I2O  |vsysclk|vsysclk|20000.0|342.0|    7|18158.0|A[27]      |O[16]    
8    |I2O  |vsysclk|vsysclk|20000.0|342.0|    7|18158.0|A[27]      |O[15]    
9    |I2O  |vsysclk|vsysclk|20000.0|342.0|    7|18158.0|A[27]      |O[14]    
10   |I2O  |vsysclk|vsysclk|20000.0|342.0|    7|18158.0|A[27]      |O[13]    
11   |I2O  |vsysclk|vsysclk|20000.0|342.0|    7|18158.0|A[27]      |O[12]    
12   |I2O  |vsysclk|vsysclk|20000.0|342.0|    7|18158.0|A[27]      |O[11]    
13   |I2O  |vsysclk|vsysclk|20000.0|342.0|    7|18158.0|A[27]      |O[10]    
14   |I2O  |vsysclk|vsysclk|20000.0|342.0|    7|18158.0|A[27]      |O[9]     
15   |I2O  |vsysclk|vsysclk|20000.0|342.0|    7|18158.0|A[27]      |O[8]     
16   |I2O  |vsysclk|vsysclk|20000.0|342.0|    7|18158.0|A[27]      |O[7]     
17   |I2O  |vsysclk|vsysclk|20000.0|342.0|    7|18158.0|A[27]      |O[6]     
18   |I2O  |vsysclk|vsysclk|20000.0|342.0|    7|18158.0|A[27]      |O[5]     
19   |I2O  |vsysclk|vsysclk|20000.0|342.0|    7|18158.0|A[27]      |O[4]     
20   |I2O  |vsysclk|vsysclk|20000.0|342.0|    7|18158.0|A[27]      |O[3]     
21   |I2O  |vsysclk|vsysclk|20000.0|342.0|    7|18158.0|A[27]      |O[2]     
22   |I2O  |vsysclk|vsysclk|20000.0|342.0|    7|18158.0|A[27]      |O[1]     
23   |I2O  |vsysclk|vsysclk|20000.0|342.0|    7|18158.0|A[27]      |O[0]     
24   |I2O  |vsysclk|vsysclk|20000.0|245.5|    6|18254.5|A[27]      |OF       
25   |I2O  |vsysclk|vsysclk|20000.0|230.4|    8|18269.6|B[11]      |O[31]    
26   |I2O  |vsysclk|vsysclk|20000.0|230.4|    8|18269.6|B[11]      |O[30]    
27   |I2O  |vsysclk|vsysclk|20000.0|230.4|    8|18269.6|B[11]      |O[29]    
28   |I2O  |vsysclk|vsysclk|20000.0|230.4|    8|18269.6|B[11]      |O[28]    
29   |I2O  |vsysclk|vsysclk|20000.0|230.4|    8|18269.6|B[11]      |O[27]    
30   |I2O  |vsysclk|vsysclk|20000.0|230.4|    8|18269.6|B[11]      |O[26]    
31   |I2O  |vsysclk|vsysclk|20000.0|230.4|    8|18269.6|B[11]      |O[25]    
32   |I2O  |vsysclk|vsysclk|20000.0|230.4|    8|18269.6|B[11]      |O[24]    
33   |I2O  |vsysclk|vsysclk|20000.0|230.4|    8|18269.6|B[11]      |O[23]    
-----+-----+-------+-------+-------+-----+-----+-------+-----------+---------
Report End Points: 
-----+-----+------+-------+-----+-----+-----+-----+-----------+---------
     |Group|Launch|Capture|Shift|Delay|Depth|Slack|Begin Point|End Point
-----+-----+------+-------+-----+-----+-----+-----+-----------+---------
1    |R2O  |      |       |     |     |     |     |           |         
-----+-----+------+-------+-----+-----+-----+-----+-----------+---------
