Report End Points: 
-----+-------+------+-------+-----+-----+-----+-----+-----------+---------
     |Group  |Launch|Capture|Shift|Delay|Depth|Slack|Begin Point|End Point
-----+-------+------+-------+-----+-----+-----+-----+-----------+---------
1    |default|      |       |     |     |     |     |           |         
-----+-------+------+-------+-----+-----+-----+-----+-----------+---------
Report End Points: 
-----+-----+------+-------+-----+-----+-----+-----+-----------+---------
     |Group|Launch|Capture|Shift|Delay|Depth|Slack|Begin Point|End Point
-----+-----+------+-------+-----+-----+-----+-----+-----------+---------
1    |I2R  |      |       |     |     |     |     |           |         
-----+-----+------+-------+-----+-----+-----+-----+-----------+---------
Report End Points: 
-----+-----+-------+-------+-------+------+-----+-------+-----------+---------
     |Group|Launch |Capture|Shift  |Delay |Depth|Slack  |Begin Point|End Point
-----+-----+-------+-------+-------+------+-----+-------+-----------+---------
1    |I2O  |vsysclk|vsysclk|20000.0|1317.2|   65|17182.8|A[0]       |overflow 
2    |I2O  |vsysclk|vsysclk|20000.0|1294.5|   64|17205.5|A[0]       |S[31]    
3    |I2O  |vsysclk|vsysclk|20000.0|1255.2|   62|17244.8|A[0]       |S[30]    
4    |I2O  |vsysclk|vsysclk|20000.0|1217.5|   60|17282.5|A[0]       |S[29]    
5    |I2O  |vsysclk|vsysclk|20000.0|1179.8|   58|17320.2|A[0]       |S[28]    
6    |I2O  |vsysclk|vsysclk|20000.0|1142.1|   56|17357.9|A[0]       |S[27]    
7    |I2O  |vsysclk|vsysclk|20000.0|1104.4|   54|17395.6|A[0]       |S[26]    
8    |I2O  |vsysclk|vsysclk|20000.0|1066.7|   52|17433.3|A[0]       |S[25]    
9    |I2O  |vsysclk|vsysclk|20000.0|1029.0|   50|17471.0|A[0]       |S[24]    
10   |I2O  |vsysclk|vsysclk|20000.0| 991.3|   48|17508.7|A[0]       |S[23]    
11   |I2O  |vsysclk|vsysclk|20000.0| 953.6|   46|17546.4|A[0]       |S[22]    
12   |I2O  |vsysclk|vsysclk|20000.0| 915.9|   44|17584.1|A[0]       |S[21]    
13   |I2O  |vsysclk|vsysclk|20000.0| 878.1|   42|17621.9|A[0]       |S[20]    
14   |I2O  |vsysclk|vsysclk|20000.0| 840.4|   40|17659.6|A[0]       |S[19]    
15   |I2O  |vsysclk|vsysclk|20000.0| 802.7|   38|17697.3|A[0]       |S[18]    
16   |I2O  |vsysclk|vsysclk|20000.0| 765.1|   36|17734.9|A[0]       |S[17]    
17   |I2O  |vsysclk|vsysclk|20000.0| 727.3|   34|17772.7|A[0]       |S[16]    
18   |I2O  |vsysclk|vsysclk|20000.0| 689.7|   32|17810.3|A[0]       |S[15]    
19   |I2O  |vsysclk|vsysclk|20000.0| 651.9|   30|17848.1|A[0]       |S[14]    
20   |I2O  |vsysclk|vsysclk|20000.0| 614.3|   28|17885.7|A[0]       |S[13]    
21   |I2O  |vsysclk|vsysclk|20000.0| 576.5|   26|17923.5|A[0]       |S[12]    
22   |I2O  |vsysclk|vsysclk|20000.0| 538.8|   24|17961.2|A[0]       |S[11]    
23   |I2O  |vsysclk|vsysclk|20000.0| 501.1|   22|17998.9|A[0]       |S[10]    
24   |I2O  |vsysclk|vsysclk|20000.0| 463.4|   20|18036.6|A[0]       |S[9]     
25   |I2O  |vsysclk|vsysclk|20000.0| 425.7|   18|18074.3|A[0]       |S[8]     
26   |I2O  |vsysclk|vsysclk|20000.0| 388.0|   16|18112.0|A[0]       |S[7]     
27   |I2O  |vsysclk|vsysclk|20000.0| 350.3|   14|18149.7|A[0]       |S[6]     
28   |I2O  |vsysclk|vsysclk|20000.0| 312.6|   12|18187.4|A[0]       |S[5]     
29   |I2O  |vsysclk|vsysclk|20000.0| 274.9|   10|18225.1|A[0]       |S[4]     
30   |I2O  |vsysclk|vsysclk|20000.0| 237.2|    8|18262.8|A[0]       |S[3]     
31   |I2O  |vsysclk|vsysclk|20000.0| 199.5|    6|18300.5|A[0]       |S[2]     
32   |I2O  |vsysclk|vsysclk|20000.0| 161.7|    4|18338.3|A[0]       |S[1]     
33   |I2O  |vsysclk|vsysclk|20000.0|  90.5|    1|18409.5|cin        |cout     
34   |I2O  |vsysclk|vsysclk|20000.0|  83.7|    1|18416.3|cin        |S[0]     
-----+-----+-------+-------+-------+------+-----+-------+-----------+---------
Report End Points: 
-----+-----+------+-------+-----+-----+-----+-----+-----------+---------
     |Group|Launch|Capture|Shift|Delay|Depth|Slack|Begin Point|End Point
-----+-----+------+-------+-----+-----+-----+-----+-----------+---------
1    |R2O  |      |       |     |     |     |     |           |         
-----+-----+------+-------+-----+-----+-----+-----+-----------+---------
