Report for group default
Report for group I2R
Report for group I2O
--------------------------------------------------------------------------------------------------------------------------------------
Startpoint: Y[0]
    (Clocked by vsysclk R)
Endpoint: OF
    (Clocked by vsysclk R)
Path Group: I2O
Data required time: 19500.0
    (Clock shift: 20000.0, minus Uncertainty: 0.0, plus Latency 0.0, minus Out delay: 500.0)
Data arrival time: 3343.7
Slack: 16156.3
Logic depth: 65
--------------------------------------------------------------------------------------------------------------------------------------
                                                     Arrival               Arc      Net               Net    Total   fan-             
Path                     Module/Cell           Edge     Time    Delay    Delay    Delay     Slew     Load     Load    out     Location
                                                        (ps)     (ps)     (ps)     (ps)     (ps)     (ff)     (ff)    (#)      (um,um)
--------------------------------------------------------------------------------------------------------------------------------------
Y[0]                     {set_input_delay}        r   1000.0   1000.0   1000.0                        5.1     13.4      2    80,   40 
genblk1_0_FA/i_0_0/B->Z  XOR2_X2                 rf   1018.8     18.3     18.3      0.0      0.0      1.4      8.7      2    40,   40 
genblk1_0_FA/i_0_2/A1->ZN
                         AOI22_X4                fr   1080.6     61.8     61.8      0.0     14.9      0.7     26.2      1    40,   40 
genblk1_0_FA/i_0_3/A->ZN INV_X8                  rf   1088.0      7.4      7.4      0.0     50.8      1.2      6.7      2    40,   40 
genblk2_0_FA/i_0_1/A1->ZN
                         AND2_X4                 ff   1114.0     26.0     26.0      0.0      3.7      1.4      9.1      2    40,   40 
genblk2_1_FA/i_0_2/A2->ZN
                         AOI22_X4                fr   1177.6     63.6     63.6      0.0      6.8      0.7     26.2      1    40,   40 
genblk2_1_FA/i_0_3/A->ZN INV_X8                  rf   1186.3      8.7      8.7      0.0     50.8      1.4      9.0      2    40,   40 
genblk2_2_FA/i_0_2/A2->ZN
                         AOI22_X4                fr   1248.8     62.5     62.5      0.0      4.0      0.7     26.2      1    40,   40 
genblk2_2_FA/i_0_3/A->ZN INV_X8                  rf   1257.5      8.7      8.7      0.0     50.8      1.4      9.0      2    40,   40 
genblk2_3_FA/i_0_2/A2->ZN
                         AOI22_X4                fr   1320.0     62.5     62.5      0.0      4.0      0.7     26.2      1    40,   40 
genblk2_3_FA/i_0_3/A->ZN INV_X8                  rf   1328.7      8.7      8.7      0.0     50.8      1.4      9.0      2    40,   40 
genblk2_4_FA/i_0_2/A2->ZN
                         AOI22_X4                fr   1391.2     62.5     62.5      0.0      4.0      0.7     26.2      1    40,   40 
genblk2_4_FA/i_0_3/A->ZN INV_X8                  rf   1399.9      8.7      8.7      0.0     50.8      1.4      9.0      2    40,   40 
genblk2_5_FA/i_0_2/A2->ZN
                         AOI22_X4                fr   1462.4     62.5     62.5      0.0      4.0      0.7     26.2      1    40,   40 
genblk2_5_FA/i_0_3/A->ZN INV_X8                  rf   1471.1      8.7      8.7      0.0     50.8      1.4      9.0      2    40,   40 
genblk2_6_FA/i_0_2/A2->ZN
                         AOI22_X4                fr   1533.6     62.5     62.5      0.0      4.0      0.7     26.2      1    40,   40 
genblk2_6_FA/i_0_3/A->ZN INV_X8                  rf   1542.3      8.7      8.7      0.0     50.8      1.4      9.0      2    40,   40 
genblk2_7_FA/i_0_2/A2->ZN
                         AOI22_X4                fr   1604.8     62.5     62.5      0.0      4.0      0.7     26.2      1    40,   40 
genblk2_7_FA/i_0_3/A->ZN INV_X8                  rf   1613.5      8.7      8.7      0.0     50.8      1.4      9.0      2    40,   40 
genblk2_8_FA/i_0_2/A2->ZN
                         AOI22_X4                fr   1676.0     62.5     62.5      0.0      4.0      0.7     26.2      1    40,   40 
genblk2_8_FA/i_0_3/A->ZN INV_X8                  rf   1684.7      8.7      8.7      0.0     50.8      1.4      9.0      2    40,   40 
genblk2_9_FA/i_0_2/A2->ZN
                         AOI22_X4                fr   1747.2     62.5     62.5      0.0      4.0      0.7     26.2      1    40,   40 
genblk2_9_FA/i_0_3/A->ZN INV_X8                  rf   1755.9      8.7      8.7      0.0     50.8      1.4      9.0      2    40,   40 
genblk2_10_FA/i_0_2/A2->ZN
                         AOI22_X4                fr   1818.4     62.5     62.5      0.0      4.0      0.7     26.2      1    40,   40 
genblk2_10_FA/i_0_3/A->ZN
                         INV_X8                  rf   1827.1      8.7      8.7      0.0     50.8      1.4      9.0      2    40,   40 
genblk2_11_FA/i_0_2/A2->ZN
                         AOI22_X4                fr   1889.6     62.5     62.5      0.0      4.0      0.7     26.2      1    40,   40 
genblk2_11_FA/i_0_3/A->ZN
                         INV_X8                  rf   1898.3      8.7      8.7      0.0     50.8      1.4      9.0      2    40,   40 
genblk2_12_FA/i_0_2/A2->ZN
                         AOI22_X4                fr   1960.8     62.5     62.5      0.0      4.0      0.7     26.2      1    40,   40 
genblk2_12_FA/i_0_3/A->ZN
                         INV_X8                  rf   1969.5      8.7      8.7      0.0     50.8      1.4      9.0      2    40,   40 
genblk2_13_FA/i_0_2/A2->ZN
                         AOI22_X4                fr   2032.0     62.5     62.5      0.0      4.0      0.7     26.2      1    40,   40 
genblk2_13_FA/i_0_3/A->ZN
                         INV_X8                  rf   2040.7      8.7      8.7      0.0     50.8      1.4      9.0      2    40,   40 
genblk2_14_FA/i_0_2/A2->ZN
                         AOI22_X4                fr   2103.2     62.5     62.5      0.0      4.0      0.7     26.2      1    40,   40 
genblk2_14_FA/i_0_3/A->ZN
                         INV_X8                  rf   2111.9      8.7      8.7      0.0     50.8      1.4      9.0      2    40,   40 
genblk2_15_FA/i_0_2/A2->ZN
                         AOI22_X4                fr   2174.4     62.5     62.5      0.0      4.0      0.7     26.2      1    40,   40 
genblk2_15_FA/i_0_3/A->ZN
                         INV_X8                  rf   2183.1      8.7      8.7      0.0     50.8      1.4      9.0      2    40,   40 
genblk2_16_FA/i_0_2/A2->ZN
                         AOI22_X4                fr   2245.6     62.5     62.5      0.0      4.0      0.7     26.2      1    40,   40 
genblk2_16_FA/i_0_3/A->ZN
                         INV_X8                  rf   2254.3      8.7      8.7      0.0     50.8      1.4      9.0      2    40,   40 
genblk2_17_FA/i_0_2/A2->ZN
                         AOI22_X4                fr   2316.8     62.5     62.5      0.0      4.0      0.7     26.2      1    40,   40 
genblk2_17_FA/i_0_3/A->ZN
                         INV_X8                  rf   2325.5      8.7      8.7      0.0     50.8      1.4      9.0      2    40,   40 
genblk2_18_FA/i_0_2/A2->ZN
                         AOI22_X4                fr   2388.0     62.5     62.5      0.0      4.0      0.7     26.2      1    40,   40 
genblk2_18_FA/i_0_3/A->ZN
                         INV_X8                  rf   2396.7      8.7      8.7      0.0     50.8      1.4      9.0      2    40,   40 
genblk2_19_FA/i_0_2/A2->ZN
                         AOI22_X4                fr   2459.2     62.5     62.5      0.0      4.0      0.7     26.2      1    40,   40 
genblk2_19_FA/i_0_3/A->ZN
                         INV_X8                  rf   2467.9      8.7      8.7      0.0     50.8      1.4      9.0      2    40,   40 
genblk2_20_FA/i_0_2/A2->ZN
                         AOI22_X4                fr   2530.4     62.5     62.5      0.0      4.0      0.7     26.2      1    40,   40 
genblk2_20_FA/i_0_3/A->ZN
                         INV_X8                  rf   2539.1      8.7      8.7      0.0     50.8      1.4      9.0      2    40,   40 
genblk2_21_FA/i_0_2/A2->ZN
                         AOI22_X4                fr   2601.6     62.5     62.5      0.0      4.0      0.7     26.2      1    40,   40 
genblk2_21_FA/i_0_3/A->ZN
                         INV_X8                  rf   2610.3      8.7      8.7      0.0     50.8      1.4      9.0      2    40,   40 
genblk2_22_FA/i_0_2/A2->ZN
                         AOI22_X4                fr   2672.8     62.5     62.5      0.0      4.0      0.7     26.2      1    40,   40 
genblk2_22_FA/i_0_3/A->ZN
                         INV_X8                  rf   2681.5      8.7      8.7      0.0     50.8      1.4      9.0      2    40,   40 
genblk2_23_FA/i_0_2/A2->ZN
                         AOI22_X4                fr   2744.0     62.5     62.5      0.0      4.0      0.7     26.2      1    40,   40 
genblk2_23_FA/i_0_3/A->ZN
                         INV_X8                  rf   2752.7      8.7      8.7      0.0     50.8      1.4      9.0      2    40,   40 
genblk2_24_FA/i_0_2/A2->ZN
                         AOI22_X4                fr   2815.2     62.5     62.5      0.0      4.0      0.7     26.2      1    40,   40 
genblk2_24_FA/i_0_3/A->ZN
                         INV_X8                  rf   2823.9      8.7      8.7      0.0     50.8      1.4      9.0      2    40,   40 
genblk2_25_FA/i_0_2/A2->ZN
                         AOI22_X4                fr   2886.4     62.5     62.5      0.0      4.0      0.7     26.2      1    40,   40 
genblk2_25_FA/i_0_3/A->ZN
                         INV_X8                  rf   2895.1      8.7      8.7      0.0     50.8      1.4      9.0      2    40,   40 
genblk2_26_FA/i_0_2/A2->ZN
                         AOI22_X4                fr   2957.6     62.5     62.5      0.0      4.0      0.7     26.2      1    40,   40 
genblk2_26_FA/i_0_3/A->ZN
                         INV_X8                  rf   2966.3      8.7      8.7      0.0     50.8      1.4      9.0      2    40,   40 
genblk2_27_FA/i_0_2/A2->ZN
                         AOI22_X4                fr   3028.8     62.5     62.5      0.0      4.0      0.7     26.2      1    40,   40 
genblk2_27_FA/i_0_3/A->ZN
                         INV_X8                  rf   3037.5      8.7      8.7      0.0     50.8      1.4      9.0      2    40,   40 
genblk2_28_FA/i_0_2/A2->ZN
                         AOI22_X4                fr   3100.0     62.5     62.5      0.0      4.0      0.7     26.2      1    40,   40 
genblk2_28_FA/i_0_3/A->ZN
                         INV_X8                  rf   3108.7      8.7      8.7      0.0     50.8      1.4      9.0      2    40,   40 
genblk2_29_FA/i_0_2/A2->ZN
                         AOI22_X4                fr   3171.2     62.5     62.5      0.0      4.0      0.7     26.2      1    40,   40 
genblk2_29_FA/i_0_3/A->ZN
                         INV_X8                  rf   3179.9      8.7      8.7      0.0     50.8      1.4      9.0      2    40,   40 
genblk2_30_FA/i_0_1/B->Z XOR2_X2                 ff   3248.5     68.6     68.6      0.0      4.0      0.6     19.7      2    40,   40 
i_0_0_1/B->Z             XOR2_X2                 ff   3310.5     62.0     62.0      0.0     22.6      0.6      2.7      1    40,   40 
i_0_0_2/A1->ZN           AND2_X4                 ff   3343.2     32.7     32.7      0.0     11.7      5.5     15.5      1    40,   40 
OF                                                f   3343.7      0.5               0.5      8.3                             80,   37 
--------------------------------------------------------------------------------------------------------------------------------------
Report for group R2O
