Report Instance Areas: 
-----+-------------------+-------------------+-----+---------
     |Instance           |Module             |Cells|Cell Area
-----+-------------------+-------------------+-----+---------
1    |top                |                   | 1780|     2335
2    |  A1               |adder              | 1652|     2084
3    |    c1             |CSA                |  139|      179
4    |      genblk1_0_FA |FullAdder__1_3     |    2|        3
5    |      genblk1_1_FA |FullAdder__1_7     |    2|        3
6    |      genblk1_2_FA |FullAdder__1_11    |    2|        3
7    |      genblk1_3_FA |FullAdder__1_15    |    2|        3
8    |      genblk1_4_FA |FullAdder__1_19    |    2|        3
9    |      genblk1_5_FA |FullAdder__1_23    |    2|        3
10   |      genblk1_6_FA |FullAdder__1_27    |    2|        3
11   |      genblk1_7_FA |FullAdder__1_31    |    2|        3
12   |      genblk1_8_FA |FullAdder__1_35    |    2|        3
13   |      genblk1_9_FA |FullAdder__1_39    |    2|        3
14   |      genblk1_10_FA|FullAdder__1_43    |    2|        3
15   |      genblk1_11_FA|FullAdder__1_47    |    2|        3
16   |      genblk1_12_FA|FullAdder__1_51    |    2|        3
17   |      genblk1_13_FA|FullAdder__1_55    |    2|        3
18   |      genblk1_14_FA|FullAdder__1_59    |    2|        3
19   |      genblk1_15_FA|FullAdder__1_63    |    2|        3
20   |      genblk1_16_FA|FullAdder__1_67    |    2|        3
21   |      genblk1_17_FA|FullAdder__1_71    |    2|        3
22   |      genblk1_18_FA|FullAdder__1_75    |    2|        3
23   |      genblk1_19_FA|FullAdder__1_79    |    2|        3
24   |      genblk1_20_FA|FullAdder__1_83    |    2|        3
25   |      genblk1_21_FA|FullAdder__1_87    |    2|        3
26   |      genblk1_22_FA|FullAdder__1_91    |    2|        3
27   |      genblk1_23_FA|FullAdder__1_95    |    2|        3
28   |      genblk2_0_FA |FullAdder__1_99    |    2|        3
29   |      genblk2_1_FA |FullAdder__1_103   |    4|        5
30   |      genblk2_2_FA |FullAdder__1_107   |    4|        5
31   |      genblk2_3_FA |FullAdder__1_111   |    4|        5
32   |      genblk2_4_FA |FullAdder__1_115   |    4|        5
33   |      genblk2_5_FA |FullAdder__1_119   |    4|        5
34   |      genblk2_6_FA |FullAdder__1_123   |    4|        5
35   |      genblk2_7_FA |FullAdder__1_127   |    4|        5
36   |      genblk2_8_FA |FullAdder__1_131   |    4|        5
37   |      genblk2_9_FA |FullAdder__1_135   |    4|        5
38   |      genblk2_10_FA|FullAdder__1_139   |    4|        5
39   |      genblk2_11_FA|FullAdder__1_143   |    4|        5
40   |      genblk2_12_FA|FullAdder__1_147   |    4|        5
41   |      genblk2_13_FA|FullAdder__1_151   |    4|        5
42   |      genblk2_14_FA|FullAdder__1_155   |    4|        5
43   |      genblk2_15_FA|FullAdder__1_159   |    4|        5
44   |      genblk2_16_FA|FullAdder__1_163   |    4|        5
45   |      genblk2_17_FA|FullAdder__1_167   |    4|        5
46   |      genblk2_18_FA|FullAdder__1_171   |    4|        5
47   |      genblk2_19_FA|FullAdder__1_175   |    4|        5
48   |      genblk2_20_FA|FullAdder__1_179   |    4|        5
49   |      genblk2_21_FA|FullAdder__1_183   |    4|        5
50   |      genblk2_22_FA|FullAdder__1_187   |    4|        5
51   |      genblk2_23_FA|FullAdder          |    1|        2
52   |    norm1          |addition_normaliser|  564|      681
-----+-------------------+-------------------+-----+---------
