Report for group default
Report for group I2R
Report for group I2O
--------------------------------------------------------------------------------------------------------------------------------------
Startpoint: B[27]
    (Clocked by vsysclk R)
Endpoint: O[31]
    (Clocked by vsysclk R)
Path Group: I2O
Data required time: 19500.0
    (Clock shift: 20000.0, minus Uncertainty: 0.0, plus Latency 0.0, minus Out delay: 500.0)
Data arrival time: 1378.0
Slack: 18122.0
Logic depth: 5
--------------------------------------------------------------------------------------------------------------------------------------
                                                     Arrival               Arc      Net               Net    Total   fan-             
Path                     Module/Cell           Edge     Time    Delay    Delay    Delay     Slew     Load     Load    out     Location
                                                        (ps)     (ps)     (ps)     (ps)     (ps)     (ff)     (ff)    (#)      (um,um)
--------------------------------------------------------------------------------------------------------------------------------------
B[27]                    {set_input_delay}        r   1000.0   1000.0   1000.0                        8.4     14.0      2   122,   65 
i_0_0_59/A4->ZN          NAND4_X4                rf   1030.2     30.2     29.0      1.2      0.0      0.8      4.7      1    61,   61 
i_0_0_58/A2->ZN          NOR3_X4*                fr   1147.8    117.6    117.6      0.0     15.8     23.7     88.1     25    61,   61 
i_0_0_57/A2->ZN          NOR2_X4*                rf   1209.3     61.5     60.5      1.0     15.3     67.6    215.0     89    61,   61 
i_0_0_55/C2->ZN          AOI222_X4               fr   1364.9    155.6    153.1      2.5     15.3      0.8     26.2      1    61,   61 
i_0_0_54/A->ZN           INV_X8                  rf   1376.6     11.7     11.7      0.0     18.6      8.8     18.8      1    61,   61 
O[31]                                             f   1378.0      1.4               1.4      5.1                            122,   54 
--------------------------------------------------------------------------------------------------------------------------------------
Report for group R2O
