Report for group default
Report for group I2R
Report for group I2O
--------------------------------------------------------------------------------------------------------------------------------------
Startpoint: Y[0]
    (Clocked by vsysclk R)
Endpoint: OF
    (Clocked by vsysclk R)
Path Group: I2O
Data required time: 19500.0
    (Clock shift: 20000.0, minus Uncertainty: 0.0, plus Latency 0.0, minus Out delay: 500.0)
Data arrival time: 3309.9
Slack: 16190.1
Logic depth: 65
--------------------------------------------------------------------------------------------------------------------------------------
                                                     Arrival               Arc      Net               Net    Total   fan-             
Path                     Module/Cell           Edge     Time    Delay    Delay    Delay     Slew     Load     Load    out     Location
                                                        (ps)     (ps)     (ps)     (ps)     (ps)     (ff)     (ff)    (#)      (um,um)
--------------------------------------------------------------------------------------------------------------------------------------
Y[0]                     {set_input_delay}        r   1000.0   1000.0   1000.0                        4.9     13.2      2    38,    0 
genblk1_0_FA/i_0_0/B->Z  XOR2_X2                 rf   1018.7     18.3     18.3      0.0      0.0      1.4      8.7      2    38,   38 
genblk1_0_FA/i_0_2/A1->ZN
                         AOI22_X4                fr   1080.5     61.8     61.8      0.0     14.9      0.7     26.2      1    38,   38 
genblk1_0_FA/i_0_3/A->ZN INV_X8                  rf   1089.2      8.7      8.7      0.0     50.8      1.4      9.0      2    38,   38 
genblk1_1_FA/i_0_2/A2->ZN
                         AOI22_X4                fr   1151.7     62.9     62.5      0.4      4.0      0.7     26.2      1    38,   38 
genblk1_1_FA/i_0_3/A->ZN INV_X8                  rf   1160.4      9.1      8.7      0.4     50.8      1.4      9.0      2    38,   38 
genblk1_2_FA/i_0_2/A2->ZN
                         AOI22_X4                fr   1222.9     62.5     62.5      0.0      4.0      0.7     26.2      1    38,   38 
genblk1_2_FA/i_0_3/A->ZN INV_X8                  rf   1231.6      8.7      8.7      0.0     50.8      1.4      9.0      2    38,   38 
genblk1_3_FA/i_0_2/A2->ZN
                         AOI22_X4                fr   1294.1     62.5     62.5      0.0      4.0      0.7     26.2      1    38,   38 
genblk1_3_FA/i_0_3/A->ZN INV_X8                  rf   1302.8      8.7      8.7      0.0     50.8      1.4      9.0      2    38,   38 
genblk1_4_FA/i_0_2/A2->ZN
                         AOI22_X4                fr   1365.3     62.5     62.5      0.0      4.0      0.7     26.2      1    38,   38 
genblk1_4_FA/i_0_3/A->ZN INV_X8                  rf   1374.0      8.7      8.7      0.0     50.8      1.4      9.0      2    38,   38 
genblk1_5_FA/i_0_2/A2->ZN
                         AOI22_X4                fr   1436.5     62.5     62.5      0.0      4.0      0.7     26.2      1    38,   38 
genblk1_5_FA/i_0_3/A->ZN INV_X8                  rf   1445.2      8.7      8.7      0.0     50.8      1.4      9.0      2    38,   38 
genblk1_6_FA/i_0_2/A2->ZN
                         AOI22_X4                fr   1507.7     62.5     62.5      0.0      4.0      0.7     26.2      1    38,   38 
genblk1_6_FA/i_0_3/A->ZN INV_X8                  rf   1516.4      8.7      8.7      0.0     50.8      1.4      9.0      2    38,   38 
genblk1_7_FA/i_0_2/A2->ZN
                         AOI22_X4                fr   1578.9     62.5     62.5      0.0      4.0      0.7     26.2      1    38,   38 
genblk1_7_FA/i_0_3/A->ZN INV_X8                  rf   1587.6      8.7      8.7      0.0     50.8      1.4      9.0      2    38,   38 
genblk1_8_FA/i_0_2/A2->ZN
                         AOI22_X4                fr   1650.1     62.5     62.5      0.0      4.0      0.7     26.2      1    38,   38 
genblk1_8_FA/i_0_3/A->ZN INV_X8                  rf   1658.8      8.7      8.7      0.0     50.8      1.4      9.0      2    38,   38 
genblk1_9_FA/i_0_2/A2->ZN
                         AOI22_X4                fr   1721.3     62.5     62.5      0.0      4.0      0.7     26.2      1    38,   38 
genblk1_9_FA/i_0_3/A->ZN INV_X8                  rf   1730.0      8.7      8.7      0.0     50.8      1.4      9.0      2    38,   38 
genblk1_10_FA/i_0_2/A2->ZN
                         AOI22_X4                fr   1792.5     62.5     62.5      0.0      4.0      0.7     26.2      1    38,   38 
genblk1_10_FA/i_0_3/A->ZN
                         INV_X8                  rf   1801.2      8.7      8.7      0.0     50.8      1.4      9.0      2    38,   38 
genblk1_11_FA/i_0_2/A2->ZN
                         AOI22_X4                fr   1863.7     62.5     62.5      0.0      4.0      0.7     26.2      1    38,   38 
genblk1_11_FA/i_0_3/A->ZN
                         INV_X8                  rf   1872.4      8.7      8.7      0.0     50.8      1.4      9.0      2    38,   38 
genblk1_12_FA/i_0_2/A2->ZN
                         AOI22_X4                fr   1934.9     62.5     62.5      0.0      4.0      0.7     26.2      1    38,   38 
genblk1_12_FA/i_0_3/A->ZN
                         INV_X8                  rf   1943.6      8.7      8.7      0.0     50.8      1.4      9.0      2    38,   38 
genblk1_13_FA/i_0_2/A2->ZN
                         AOI22_X4                fr   2006.1     62.5     62.5      0.0      4.0      0.7     26.2      1    38,   38 
genblk1_13_FA/i_0_3/A->ZN
                         INV_X8                  rf   2014.8      8.7      8.7      0.0     50.8      1.4      9.0      2    38,   38 
genblk1_14_FA/i_0_2/A2->ZN
                         AOI22_X4                fr   2077.3     62.5     62.5      0.0      4.0      0.7     26.2      1    38,   38 
genblk1_14_FA/i_0_3/A->ZN
                         INV_X8                  rf   2086.0      8.7      8.7      0.0     50.8      1.4      9.0      2    38,   38 
genblk1_15_FA/i_0_2/A2->ZN
                         AOI22_X4                fr   2148.5     62.5     62.5      0.0      4.0      0.7     26.2      1    38,   38 
genblk1_15_FA/i_0_3/A->ZN
                         INV_X8                  rf   2157.2      8.7      8.7      0.0     50.8      1.4      9.0      2    38,   38 
genblk1_16_FA/i_0_2/A2->ZN
                         AOI22_X4                fr   2219.7     62.5     62.5      0.0      4.0      0.7     26.2      1    38,   38 
genblk1_16_FA/i_0_3/A->ZN
                         INV_X8                  rf   2228.4      8.7      8.7      0.0     50.8      1.4      9.0      2    38,   38 
genblk1_17_FA/i_0_2/A2->ZN
                         AOI22_X4                fr   2290.9     62.5     62.5      0.0      4.0      0.7     26.2      1    38,   38 
genblk1_17_FA/i_0_3/A->ZN
                         INV_X8                  rf   2299.6      8.7      8.7      0.0     50.8      1.4      9.0      2    38,   38 
genblk1_18_FA/i_0_2/A2->ZN
                         AOI22_X4                fr   2362.1     62.5     62.5      0.0      4.0      0.7     26.2      1    38,   38 
genblk1_18_FA/i_0_3/A->ZN
                         INV_X8                  rf   2370.8      8.7      8.7      0.0     50.8      1.4      9.0      2    38,   38 
genblk1_19_FA/i_0_2/A2->ZN
                         AOI22_X4                fr   2433.3     62.5     62.5      0.0      4.0      0.7     26.2      1    38,   38 
genblk1_19_FA/i_0_3/A->ZN
                         INV_X8                  rf   2442.0      8.7      8.7      0.0     50.8      1.4      9.0      2    38,   38 
genblk1_20_FA/i_0_2/A2->ZN
                         AOI22_X4                fr   2504.5     62.5     62.5      0.0      4.0      0.7     26.2      1    38,   38 
genblk1_20_FA/i_0_3/A->ZN
                         INV_X8                  rf   2513.2      8.7      8.7      0.0     50.8      1.4      9.0      2    38,   38 
genblk1_21_FA/i_0_2/A2->ZN
                         AOI22_X4                fr   2575.7     62.5     62.5      0.0      4.0      0.7     26.2      1    38,   38 
genblk1_21_FA/i_0_3/A->ZN
                         INV_X8                  rf   2584.4      8.7      8.7      0.0     50.8      1.4      9.0      2    38,   38 
genblk1_22_FA/i_0_2/A2->ZN
                         AOI22_X4                fr   2646.9     62.5     62.5      0.0      4.0      0.7     26.2      1    38,   38 
genblk1_22_FA/i_0_3/A->ZN
                         INV_X8                  rf   2655.6      8.7      8.7      0.0     50.8      1.4      9.0      2    38,   38 
genblk1_23_FA/i_0_2/A2->ZN
                         AOI22_X4                fr   2718.1     62.5     62.5      0.0      4.0      0.7     26.2      1    38,   38 
genblk1_23_FA/i_0_3/A->ZN
                         INV_X8                  rf   2726.8      8.7      8.7      0.0     50.8      1.4      9.0      2    38,   38 
genblk1_24_FA/i_0_2/A2->ZN
                         AOI22_X4                fr   2789.3     62.5     62.5      0.0      4.0      0.7     26.2      1    38,   38 
genblk1_24_FA/i_0_3/A->ZN
                         INV_X8                  rf   2798.0      8.7      8.7      0.0     50.8      1.4      9.0      2    38,   38 
genblk1_25_FA/i_0_2/A2->ZN
                         AOI22_X4                fr   2860.5     62.5     62.5      0.0      4.0      0.7     26.2      1    38,   38 
genblk1_25_FA/i_0_3/A->ZN
                         INV_X8                  rf   2869.2      8.7      8.7      0.0     50.8      1.4      9.0      2    38,   38 
genblk1_26_FA/i_0_2/A2->ZN
                         AOI22_X4                fr   2931.7     62.5     62.5      0.0      4.0      0.7     26.2      1    38,   38 
genblk1_26_FA/i_0_3/A->ZN
                         INV_X8                  rf   2940.4      8.7      8.7      0.0     50.8      1.4      9.0      2    38,   38 
genblk1_27_FA/i_0_2/A2->ZN
                         AOI22_X4                fr   3002.9     62.5     62.5      0.0      4.0      0.7     26.2      1    38,   38 
genblk1_27_FA/i_0_3/A->ZN
                         INV_X8                  rf   3011.6      8.7      8.7      0.0     50.8      1.4      9.0      2    38,   38 
genblk1_28_FA/i_0_2/A2->ZN
                         AOI22_X4                fr   3074.1     62.5     62.5      0.0      4.0      0.7     26.2      1    38,   38 
genblk1_28_FA/i_0_3/A->ZN
                         INV_X8                  rf   3082.8      8.7      8.7      0.0     50.8      1.4      9.0      2    38,   38 
genblk1_29_FA/i_0_2/A2->ZN
                         AOI22_X4                fr   3145.3     62.5     62.5      0.0      4.0      0.7     26.2      1    38,   38 
genblk1_29_FA/i_0_3/A->ZN
                         INV_X8                  rf   3157.8     12.5     12.5      0.0     50.8      2.8     17.1      4    38,   38 
genblk1_30_FA/i_0_2/A2->ZN
                         AOI22_X4                fr   3220.7     62.9     62.8      0.1      4.9      0.7     26.2      1    38,   38 
genblk1_30_FA/i_0_3/A->ZN
                         INV_X8                  rf   3237.2     16.5     16.5      0.0     50.8      2.0     27.4      4    38,   38 
i_0_0_1/A2->ZN           NOR2_X4                 fr   3262.3     25.1     25.1      0.0      6.1      0.7      3.1      1    38,   38 
i_0_0_0/A->ZN            AOI211_X4               rf   3309.4     47.1     47.1      0.0     14.1      5.2     15.2      1    38,   38 
OF                                                f   3309.9      0.5               0.5      7.7                              0,   40 
--------------------------------------------------------------------------------------------------------------------------------------
Report for group R2O
