Report End Points: 
-----+-------+------+-------+-----+-----+-----+-----+-----------+---------
     |Group  |Launch|Capture|Shift|Delay|Depth|Slack|Begin Point|End Point
-----+-------+------+-------+-----+-----+-----+-----+-----------+---------
1    |default|      |       |     |     |     |     |           |         
-----+-------+------+-------+-----+-----+-----+-----+-----------+---------
Report End Points: 
-----+-----+------+-------+-----+-----+-----+-----+-----------+---------
     |Group|Launch|Capture|Shift|Delay|Depth|Slack|Begin Point|End Point
-----+-----+------+-------+-----+-----+-----+-----+-----------+---------
1    |I2R  |      |       |     |     |     |     |           |         
-----+-----+------+-------+-----+-----+-----+-----+-----------+---------
Report End Points: 
-----+-----+-------+-------+-------+------+-----+-------+-----------+---------
     |Group|Launch |Capture|Shift  |Delay |Depth|Slack  |Begin Point|End Point
-----+-----+-------+-------+-------+------+-----+-------+-----------+---------
1    |I2O  |vsysclk|vsysclk|20000.0|1571.1|   56|16928.9|R[7]       |OF       
2    |I2O  |vsysclk|vsysclk|20000.0|1566.2|   55|16933.8|R[7]       |Cout     
3    |I2O  |vsysclk|vsysclk|20000.0|1541.7|   54|16958.3|R[7]       |sum[31]  
4    |I2O  |vsysclk|vsysclk|20000.0|1486.9|   52|17013.1|R[7]       |sum[30]  
5    |I2O  |vsysclk|vsysclk|20000.0|1438.4|   50|17061.6|R[7]       |sum[29]  
6    |I2O  |vsysclk|vsysclk|20000.0|1389.9|   48|17110.1|R[7]       |sum[28]  
7    |I2O  |vsysclk|vsysclk|20000.0|1341.4|   46|17158.6|R[7]       |sum[27]  
8    |I2O  |vsysclk|vsysclk|20000.0|1292.9|   44|17207.1|R[7]       |sum[26]  
9    |I2O  |vsysclk|vsysclk|20000.0|1244.3|   42|17255.7|R[7]       |sum[25]  
10   |I2O  |vsysclk|vsysclk|20000.0|1196.4|   40|17303.6|R[7]       |sum[24]  
11   |I2O  |vsysclk|vsysclk|20000.0|1085.0|   37|17415.0|R[7]       |sum[23]  
12   |I2O  |vsysclk|vsysclk|20000.0|1036.5|   35|17463.5|R[7]       |sum[22]  
13   |I2O  |vsysclk|vsysclk|20000.0| 987.9|   33|17512.1|R[7]       |sum[21]  
14   |I2O  |vsysclk|vsysclk|20000.0| 939.4|   31|17560.6|R[7]       |sum[20]  
15   |I2O  |vsysclk|vsysclk|20000.0| 890.9|   29|17609.1|R[7]       |sum[19]  
16   |I2O  |vsysclk|vsysclk|20000.0| 852.2|   40|17647.8|T[0]       |sum[18]  
17   |I2O  |vsysclk|vsysclk|20000.0| 814.4|   38|17685.6|T[0]       |sum[17]  
18   |I2O  |vsysclk|vsysclk|20000.0| 777.1|   36|17722.9|T[0]       |sum[16]  
19   |I2O  |vsysclk|vsysclk|20000.0| 690.5|   33|17809.5|T[0]       |sum[15]  
20   |I2O  |vsysclk|vsysclk|20000.0| 652.8|   31|17847.2|T[0]       |sum[14]  
21   |I2O  |vsysclk|vsysclk|20000.0| 615.1|   29|17884.9|T[0]       |sum[13]  
22   |I2O  |vsysclk|vsysclk|20000.0| 577.4|   27|17922.6|T[0]       |sum[12]  
23   |I2O  |vsysclk|vsysclk|20000.0| 539.7|   25|17960.3|T[0]       |sum[11]  
24   |I2O  |vsysclk|vsysclk|20000.0| 502.0|   23|17998.0|T[0]       |sum[10]  
25   |I2O  |vsysclk|vsysclk|20000.0| 464.3|   21|18035.7|T[0]       |sum[9]   
26   |I2O  |vsysclk|vsysclk|20000.0| 427.0|   19|18073.0|T[0]       |sum[8]   
27   |I2O  |vsysclk|vsysclk|20000.0| 340.4|   16|18159.6|T[0]       |sum[7]   
28   |I2O  |vsysclk|vsysclk|20000.0| 302.7|   14|18197.3|T[0]       |sum[6]   
29   |I2O  |vsysclk|vsysclk|20000.0| 265.0|   12|18235.0|T[0]       |sum[5]   
30   |I2O  |vsysclk|vsysclk|20000.0| 227.3|   10|18272.7|T[0]       |sum[4]   
31   |I2O  |vsysclk|vsysclk|20000.0| 189.6|    8|18310.4|T[0]       |sum[3]   
32   |I2O  |vsysclk|vsysclk|20000.0| 151.9|    6|18348.1|T[0]       |sum[2]   
33   |I2O  |vsysclk|vsysclk|20000.0| 114.1|    4|18385.9|T[0]       |sum[1]   
34   |I2O  |vsysclk|vsysclk|20000.0|  73.5|    2|18426.5|R[0]       |sum[0]   
-----+-----+-------+-------+-------+------+-----+-------+-----------+---------
Report End Points: 
-----+-----+------+-------+-----+-----+-----+-----+-----------+---------
     |Group|Launch|Capture|Shift|Delay|Depth|Slack|Begin Point|End Point
-----+-----+------+-------+-----+-----+-----+-----+-----------+---------
1    |R2O  |      |       |     |     |     |     |           |         
-----+-----+------+-------+-----+-----+-----+-----+-----------+---------
