Report End Points: 
-----+-------+------+-------+-----+-----+-----+-----+-----------+---------
     |Group  |Launch|Capture|Shift|Delay|Depth|Slack|Begin Point|End Point
-----+-------+------+-------+-----+-----+-----+-----+-----------+---------
1    |default|      |       |     |     |     |     |           |         
-----+-------+------+-------+-----+-----+-----+-----+-----------+---------
Report End Points: 
-----+-----+------+-------+-----+-----+-----+-----+-----------+---------
     |Group|Launch|Capture|Shift|Delay|Depth|Slack|Begin Point|End Point
-----+-----+------+-------+-----+-----+-----+-----+-----------+---------
1    |I2R  |      |       |     |     |     |     |           |         
-----+-----+------+-------+-----+-----+-----+-----+-----------+---------
Report End Points: 
-----+-----+-------+-------+-------+------+-----+-------+-----------+----------
     |Group|Launch |Capture|Shift  |Delay |Depth|Slack  |Begin Point|End Point 
-----+-----+-------+-------+-------+------+-----+-------+-----------+----------
1    |I2O  |vsysclk|vsysclk|20000.0|2520.7|   65|15979.3|B[0]       |Overflow  
2    |I2O  |vsysclk|vsysclk|20000.0|2477.7|   64|16022.3|B[0]       |Result[31]
3    |I2O  |vsysclk|vsysclk|20000.0|2419.4|   63|16080.6|B[0]       |Result[32]
-----+-----+-------+-------+-------+------+-----+-------+-----------+----------
Report End Points: 
-----+-----+------+-------+-----+-----+-----+-----+-----------+---------
     |Group|Launch|Capture|Shift|Delay|Depth|Slack|Begin Point|End Point
-----+-----+------+-------+-----+-----+-----+-----+-----------+---------
1    |R2O  |      |       |     |     |     |     |           |         
-----+-----+------+-------+-----+-----+-----+-----+-----------+---------
