Report for group default
Report for group I2R
Report for group I2O
--------------------------------------------------------------------------------------------------------------------------------------
Startpoint: B[0]
    (Clocked by vsysclk R)
Endpoint: Overflow
    (Clocked by vsysclk R)
Path Group: I2O
Data required time: 19500.0
    (Clock shift: 20000.0, minus Uncertainty: 0.0, plus Latency 0.0, minus Out delay: 500.0)
Data arrival time: 3520.7
Slack: 15979.3
Logic depth: 65
--------------------------------------------------------------------------------------------------------------------------------------
                                                     Arrival               Arc      Net               Net    Total   fan-             
Path                     Module/Cell           Edge     Time    Delay    Delay    Delay     Slew     Load     Load    out     Location
                                                        (ps)     (ps)     (ps)     (ps)     (ps)     (ff)     (ff)    (#)      (um,um)
--------------------------------------------------------------------------------------------------------------------------------------
B[0]                     {set_input_delay}        r   1000.0   1000.0   1000.0                        4.9     13.3      2    38,    0 
i_0_0_128/B->Z           XOR2_X2                 rf   1018.9     18.9     18.5      0.4      0.0      1.4      8.9      2    38,   38 
i_0_0_127/B2->ZN         AOI22_X4*               fr   1099.5     80.6     80.6      0.0     15.1      1.4     29.9      2    38,   38 
i_0_0_126/A->ZN          INV_X8                  rf   1106.5      7.0      7.0      0.0     15.3      0.7      4.5      1    38,   38 
i_0_0_124/B1->ZN         AOI22_X4*               fr   1176.8     70.3     70.3      0.0      3.5      1.4     29.9      2    38,   38 
i_0_0_123/A->ZN          INV_X8                  rf   1183.8      7.0      7.0      0.0     15.3      0.7      4.5      1    38,   38 
i_0_0_121/B1->ZN         AOI22_X4*               fr   1254.1     70.3     70.3      0.0      3.5      1.4     29.9      2    38,   38 
i_0_0_120/A->ZN          INV_X8                  rf   1261.1      7.0      7.0      0.0     15.3      0.7      4.5      1    38,   38 
i_0_0_118/B1->ZN         AOI22_X4*               fr   1331.4     70.3     70.3      0.0      3.5      1.4     29.9      2    38,   38 
i_0_0_117/A->ZN          INV_X8                  rf   1338.4      7.0      7.0      0.0     15.3      0.7      4.5      1    38,   38 
i_0_0_115/B1->ZN         AOI22_X4*               fr   1408.7     70.3     70.3      0.0      3.5      1.4     29.9      2    38,   38 
i_0_0_114/A->ZN          INV_X8                  rf   1415.7      7.0      7.0      0.0     15.3      0.7      4.5      1    38,   38 
i_0_0_112/B1->ZN         AOI22_X4*               fr   1486.0     70.3     70.3      0.0      3.5      1.4     29.9      2    38,   38 
i_0_0_111/A->ZN          INV_X8                  rf   1493.0      7.0      7.0      0.0     15.3      0.7      4.5      1    38,   38 
i_0_0_109/B1->ZN         AOI22_X4*               fr   1563.3     70.3     70.3      0.0      3.5      1.4     29.9      2    38,   38 
i_0_0_108/A->ZN          INV_X8                  rf   1570.3      7.0      7.0      0.0     15.3      0.7      4.5      1    38,   38 
i_0_0_106/B1->ZN         AOI22_X4*               fr   1640.6     70.3     70.3      0.0      3.5      1.4     29.9      2    38,   38 
i_0_0_105/A->ZN          INV_X8                  rf   1647.6      7.0      7.0      0.0     15.3      0.7      4.5      1    38,   38 
i_0_0_103/B1->ZN         AOI22_X4*               fr   1717.9     70.3     70.3      0.0      3.5      1.4     29.9      2    38,   38 
i_0_0_102/A->ZN          INV_X8                  rf   1724.9      7.0      7.0      0.0     15.3      0.7      4.5      1    38,   38 
i_0_0_100/B1->ZN         AOI22_X4*               fr   1795.2     70.3     70.3      0.0      3.5      1.4     29.9      2    38,   38 
i_0_0_99/A->ZN           INV_X8                  rf   1802.2      7.0      7.0      0.0     15.3      0.7      4.5      1    38,   38 
i_0_0_97/B1->ZN          AOI22_X4*               fr   1872.5     70.3     70.3      0.0      3.5      1.4     29.9      2    38,   38 
i_0_0_96/A->ZN           INV_X8                  rf   1879.5      7.0      7.0      0.0     15.3      0.7      4.5      1    38,   38 
i_0_0_94/B1->ZN          AOI22_X4*               fr   1949.8     70.3     70.3      0.0      3.5      1.4     29.9      2    38,   38 
i_0_0_93/A->ZN           INV_X8                  rf   1956.8      7.0      7.0      0.0     15.3      0.7      4.5      1    38,   38 
i_0_0_91/B1->ZN          AOI22_X4*               fr   2027.1     70.3     70.3      0.0      3.5      1.4     29.9      2    38,   38 
i_0_0_90/A->ZN           INV_X8                  rf   2034.1      7.0      7.0      0.0     15.3      0.7      4.5      1    38,   38 
i_0_0_88/B1->ZN          AOI22_X4*               fr   2104.4     70.3     70.3      0.0      3.5      1.4     29.9      2    38,   38 
i_0_0_87/A->ZN           INV_X8                  rf   2111.4      7.0      7.0      0.0     15.3      0.7      4.5      1    38,   38 
i_0_0_85/B1->ZN          AOI22_X4*               fr   2181.7     70.3     70.3      0.0      3.5      1.4     29.9      2    38,   38 
i_0_0_84/A->ZN           INV_X8                  rf   2188.7      7.0      7.0      0.0     15.3      0.7      4.5      1    38,   38 
i_0_0_82/B1->ZN          AOI22_X4*               fr   2259.0     70.3     70.3      0.0      3.5      1.4     29.9      2    38,   38 
i_0_0_81/A->ZN           INV_X8                  rf   2266.0      7.0      7.0      0.0     15.3      0.7      4.5      1    38,   38 
i_0_0_79/B1->ZN          AOI22_X4*               fr   2336.3     70.3     70.3      0.0      3.5      1.4     29.9      2    38,   38 
i_0_0_78/A->ZN           INV_X8                  rf   2343.3      7.0      7.0      0.0     15.3      0.7      4.5      1    38,   38 
i_0_0_76/B1->ZN          AOI22_X4*               fr   2413.6     70.3     70.3      0.0      3.5      1.4     29.9      2    38,   38 
i_0_0_75/A->ZN           INV_X8                  rf   2420.6      7.0      7.0      0.0     15.3      0.7      4.5      1    38,   38 
i_0_0_73/B1->ZN          AOI22_X4*               fr   2490.9     70.3     70.3      0.0      3.5      1.4     29.9      2    38,   38 
i_0_0_72/A->ZN           INV_X8                  rf   2497.9      7.0      7.0      0.0     15.3      0.7      4.5      1    38,   38 
i_0_0_70/B1->ZN          AOI22_X4*               fr   2568.2     70.3     70.3      0.0      3.5      1.4     29.9      2    38,   38 
i_0_0_69/A->ZN           INV_X8                  rf   2575.2      7.0      7.0      0.0     15.3      0.7      4.5      1    38,   38 
i_0_0_67/B1->ZN          AOI22_X4*               fr   2645.5     70.3     70.3      0.0      3.5      1.4     29.9      2    38,   38 
i_0_0_66/A->ZN           INV_X8                  rf   2652.5      7.0      7.0      0.0     15.3      0.7      4.5      1    38,   38 
i_0_0_64/B1->ZN          AOI22_X4*               fr   2722.8     70.3     70.3      0.0      3.5      1.4     29.9      2    38,   38 
i_0_0_63/A->ZN           INV_X8                  rf   2729.8      7.0      7.0      0.0     15.3      0.7      4.5      1    38,   38 
i_0_0_61/B1->ZN          AOI22_X4*               fr   2800.1     70.3     70.3      0.0      3.5      1.4     29.9      2    38,   38 
i_0_0_60/A->ZN           INV_X8                  rf   2807.1      7.0      7.0      0.0     15.3      0.7      4.5      1    38,   38 
i_0_0_58/B1->ZN          AOI22_X4*               fr   2877.4     70.3     70.3      0.0      3.5      1.4     29.9      2    38,   38 
i_0_0_57/A->ZN           INV_X8                  rf   2884.4      7.0      7.0      0.0     15.3      0.7      4.5      1    38,   38 
i_0_0_55/B1->ZN          AOI22_X4*               fr   2954.7     70.3     70.3      0.0      3.5      1.4     29.9      2    38,   38 
i_0_0_54/A->ZN           INV_X8                  rf   2961.7      7.0      7.0      0.0     15.3      0.7      4.5      1    38,   38 
i_0_0_52/B1->ZN          AOI22_X4*               fr   3032.0     70.3     70.3      0.0      3.5      1.4     29.9      2    38,   38 
i_0_0_51/A->ZN           INV_X8                  rf   3039.0      7.0      7.0      0.0     15.3      0.7      4.5      1    38,   38 
i_0_0_49/B1->ZN          AOI22_X4*               fr   3109.3     70.3     70.3      0.0      3.5      1.4     29.9      2    38,   38 
i_0_0_48/A->ZN           INV_X8                  rf   3116.3      7.0      7.0      0.0     15.3      0.7      4.5      1    38,   38 
i_0_0_46/B1->ZN          AOI22_X4*               fr   3186.6     70.3     70.3      0.0      3.5      1.4     29.9      2    38,   38 
i_0_0_45/A->ZN           INV_X8                  rf   3193.6      7.0      7.0      0.0     15.3      0.7      4.5      1    38,   38 
i_0_0_43/B1->ZN          AOI22_X4*               fr   3263.9     70.3     70.3      0.0      3.5      1.4     29.9      2    38,   38 
i_0_0_42/A->ZN           INV_X8                  rf   3270.9      7.0      7.0      0.0     15.3      0.7      4.5      1    38,   38 
i_0_0_40/B1->ZN          AOI22_X4*               fr   3341.2     70.3     70.3      0.0      3.5      1.4     29.9      2    38,   38 
i_0_0_39/A->ZN           INV_X8                  rf   3348.2      7.0      7.0      0.0     15.3      0.7      4.5      1    38,   38 
i_0_0_37/B1->ZN          AOI22_X4                fr   3392.5     44.3     44.3      0.0      3.5      1.5      8.6      2    38,   38 
i_0_0_34/A->ZN           XNOR2_X2*               rr   3466.9     74.4     74.4      0.0     30.0      1.2     30.3      2    38,   38 
i_0_0_1/B->ZN            XNOR2_X2                rf   3486.0     19.1     19.1      0.0     15.3      0.6      2.9      1    38,   38 
i_0_0_0/A2->ZN           AND2_X4                 ff   3520.2     34.2     34.2      0.0     10.0      5.2     15.2      1    38,   38 
Overflow                                          f   3520.7      0.5               0.5      8.3                             76,   39 
--------------------------------------------------------------------------------------------------------------------------------------
Report for group R2O
