Report End Points: 
-----+-------+------+-------+-----+-----+-----+-----+-----------+---------
     |Group  |Launch|Capture|Shift|Delay|Depth|Slack|Begin Point|End Point
-----+-------+------+-------+-----+-----+-----+-----+-----------+---------
1    |default|      |       |     |     |     |     |           |         
-----+-------+------+-------+-----+-----+-----+-----+-----------+---------
Report End Points: 
-----+-----+------+-------+-----+-----+-----+-----+-----------+---------
     |Group|Launch|Capture|Shift|Delay|Depth|Slack|Begin Point|End Point
-----+-----+------+-------+-----+-----+-----+-----+-----------+---------
1    |I2R  |      |       |     |     |     |     |           |         
-----+-----+------+-------+-----+-----+-----+-----+-----------+---------
Report End Points: 
-----+-----+-------+-------+-------+------+-----+-------+-----------+---------
     |Group|Launch |Capture|Shift  |Delay |Depth|Slack  |Begin Point|End Point
-----+-----+-------+-------+-------+------+-----+-------+-----------+---------
1    |I2O  |vsysclk|vsysclk|20000.0|1617.4|   49|16882.6|b[0]       |of       
2    |I2O  |vsysclk|vsysclk|20000.0|1543.9|   48|16956.1|b[0]       |Cout     
3    |I2O  |vsysclk|vsysclk|20000.0|1543.3|   47|16956.7|b[0]       |sum[31]  
4    |I2O  |vsysclk|vsysclk|20000.0|1512.8|   46|16987.2|b[0]       |sum[30]  
5    |I2O  |vsysclk|vsysclk|20000.0|1486.7|   45|17013.3|b[0]       |sum[29]  
6    |I2O  |vsysclk|vsysclk|20000.0|1460.6|   44|17039.4|b[0]       |sum[28]  
7    |I2O  |vsysclk|vsysclk|20000.0|1434.5|   43|17065.5|b[0]       |sum[27]  
8    |I2O  |vsysclk|vsysclk|20000.0|1408.4|   42|17091.6|b[0]       |sum[26]  
9    |I2O  |vsysclk|vsysclk|20000.0|1382.3|   41|17117.7|b[0]       |sum[25]  
10   |I2O  |vsysclk|vsysclk|20000.0|1356.2|   40|17143.8|b[0]       |sum[24]  
11   |I2O  |vsysclk|vsysclk|20000.0|1330.1|   39|17169.9|b[0]       |sum[23]  
12   |I2O  |vsysclk|vsysclk|20000.0|1304.0|   38|17196.0|b[0]       |sum[22]  
13   |I2O  |vsysclk|vsysclk|20000.0|1277.9|   37|17222.1|b[0]       |sum[21]  
14   |I2O  |vsysclk|vsysclk|20000.0|1251.8|   36|17248.2|b[0]       |sum[20]  
15   |I2O  |vsysclk|vsysclk|20000.0|1225.7|   35|17274.3|b[0]       |sum[19]  
16   |I2O  |vsysclk|vsysclk|20000.0|1199.6|   34|17300.4|b[0]       |sum[18]  
17   |I2O  |vsysclk|vsysclk|20000.0|1173.5|   33|17326.5|b[0]       |sum[17]  
18   |I2O  |vsysclk|vsysclk|20000.0|1152.7|   32|17347.3|b[0]       |sum[15]  
19   |I2O  |vsysclk|vsysclk|20000.0|1147.7|   32|17352.3|b[0]       |sum[16]  
20   |I2O  |vsysclk|vsysclk|20000.0|1080.7|   30|17419.3|b[0]       |sum[14]  
21   |I2O  |vsysclk|vsysclk|20000.0|1009.5|   28|17490.5|b[0]       |sum[13]  
22   |I2O  |vsysclk|vsysclk|20000.0| 938.2|   26|17561.8|b[0]       |sum[12]  
23   |I2O  |vsysclk|vsysclk|20000.0| 867.1|   24|17632.9|b[0]       |sum[11]  
24   |I2O  |vsysclk|vsysclk|20000.0| 795.9|   22|17704.1|b[0]       |sum[10]  
25   |I2O  |vsysclk|vsysclk|20000.0| 724.7|   20|17775.3|b[0]       |sum[9]   
26   |I2O  |vsysclk|vsysclk|20000.0| 653.4|   18|17846.6|b[0]       |sum[8]   
27   |I2O  |vsysclk|vsysclk|20000.0| 582.3|   16|17917.7|b[0]       |sum[7]   
28   |I2O  |vsysclk|vsysclk|20000.0| 511.1|   14|17988.9|b[0]       |sum[6]   
29   |I2O  |vsysclk|vsysclk|20000.0| 439.8|   12|18060.2|b[0]       |sum[5]   
30   |I2O  |vsysclk|vsysclk|20000.0| 368.6|   10|18131.4|b[0]       |sum[4]   
31   |I2O  |vsysclk|vsysclk|20000.0| 297.4|    8|18202.6|b[0]       |sum[3]   
32   |I2O  |vsysclk|vsysclk|20000.0| 226.2|    6|18273.8|b[0]       |sum[2]   
33   |I2O  |vsysclk|vsysclk|20000.0| 155.0|    4|18345.0|b[0]       |sum[1]   
34   |I2O  |vsysclk|vsysclk|20000.0|  98.5|    2|18401.5|a[0]       |sum[0]   
-----+-----+-------+-------+-------+------+-----+-------+-----------+---------
Report End Points: 
-----+-----+------+-------+-----+-----+-----+-----+-----------+---------
     |Group|Launch|Capture|Shift|Delay|Depth|Slack|Begin Point|End Point
-----+-----+------+-------+-----+-----+-----+-----+-----------+---------
1    |R2O  |      |       |     |     |     |     |           |         
-----+-----+------+-------+-----+-----+-----+-----+-----------+---------
