Report Physical info: 
------------------------+-------------+-----------+------------
                        |             |Area (squm)|Leakage (uW)
------------------------+-------------+-----------+------------
Design Name             |fpa          |           |            
  Total Instances       |         1460|       1928|      42.083
    Macros              |            0|          0|       0.000
    Pads                |            0|          0|       0.000
    Phys                |            0|          0|       0.000
    Blackboxes          |            0|          0|       0.000
    Cells               |         1460|       1928|      42.083
      Buffers           |            0|          0|       0.000
      Inverters         |          276|        147|       3.961
      Clock-Gates       |            0|          0|       0.000
      Combinational     |         1058|       1446|      32.973
      Latches           |          126|        335|       5.149
      FlipFlops         |            0|          0|       0.000
       Single-Bit FF    |            0|          0|       0.000
       Multi-Bit FF     |            0|          0|       0.000
       Clock-Gated      |            0|           |            
       Bits             |            0|          0|       0.000
         Load-Enabled   |            0|           |            
         Clock-Gated    |            0|           |            
  Tristate Pin Count    |            0|           |            
Physical Info           |Placed       |           |            
  Chip Size (mm x mm)   |0.119 x 0.119|      14188|            
  Fixed Cell Area       |             |          0|            
    Phys Only           |            0|          0|            
  Placeable Area        |             |       3474|            
  Movable Cell Area     |             |       1928|            
  Utilization (%)       |           55|           |            
  Chip Utilization (%)  |           55|           |            
  Total Wire Length (mm)|        6.165|           |            
  Longest Wire (mm)     |        0.069|           |            
  Average Wire (mm)     |        0.064|           |            
------------------------+-------------+-----------+------------
