Report End Points: 
-----+-------+------+-------+-----+-----+-----+-----+-----------+---------
     |Group  |Launch|Capture|Shift|Delay|Depth|Slack|Begin Point|End Point
-----+-------+------+-------+-----+-----+-----+-----+-----------+---------
1    |default|      |       |     |     |     |     |           |         
-----+-------+------+-------+-----+-----+-----+-----+-----------+---------
Report End Points: 
-----+-----+------+-------+-----+-----+-----+-----+-----------+---------
     |Group|Launch|Capture|Shift|Delay|Depth|Slack|Begin Point|End Point
-----+-----+------+-------+-----+-----+-----+-----+-----------+---------
1    |I2R  |      |       |     |     |     |     |           |         
-----+-----+------+-------+-----+-----+-----+-----+-----------+---------
Report End Points: 
-----+-----+-------+-------+-------+-----+-----+-------+-----------+---------
     |Group|Launch |Capture|Shift  |Delay|Depth|Slack  |Begin Point|End Point
-----+-----+-------+-------+-------+-----+-----+-------+-----------+---------
1    |I2O  |vsysclk|vsysclk|20000.0|342.6|    7|18157.4|A[27]      |O[22]    
2    |I2O  |vsysclk|vsysclk|20000.0|342.6|    7|18157.4|A[27]      |O[20]    
3    |I2O  |vsysclk|vsysclk|20000.0|342.6|    7|18157.4|A[27]      |O[18]    
4    |I2O  |vsysclk|vsysclk|20000.0|342.6|    7|18157.4|A[27]      |O[16]    
5    |I2O  |vsysclk|vsysclk|20000.0|342.6|    7|18157.4|A[27]      |O[14]    
6    |I2O  |vsysclk|vsysclk|20000.0|342.5|    7|18157.5|A[27]      |O[12]    
7    |I2O  |vsysclk|vsysclk|20000.0|342.5|    7|18157.5|A[27]      |O[10]    
8    |I2O  |vsysclk|vsysclk|20000.0|342.5|    7|18157.5|A[27]      |O[8]     
9    |I2O  |vsysclk|vsysclk|20000.0|342.5|    7|18157.5|A[27]      |O[6]     
10   |I2O  |vsysclk|vsysclk|20000.0|342.4|    7|18157.6|A[27]      |O[4]     
11   |I2O  |vsysclk|vsysclk|20000.0|342.4|    7|18157.6|A[27]      |O[2]     
12   |I2O  |vsysclk|vsysclk|20000.0|342.4|    7|18157.6|A[27]      |O[0]     
13   |I2O  |vsysclk|vsysclk|20000.0|342.1|    7|18157.9|A[27]      |O[19]    
14   |I2O  |vsysclk|vsysclk|20000.0|342.1|    7|18157.9|A[27]      |O[15]    
15   |I2O  |vsysclk|vsysclk|20000.0|342.1|    7|18157.9|A[27]      |O[11]    
16   |I2O  |vsysclk|vsysclk|20000.0|342.1|    7|18157.9|A[27]      |O[7]     
17   |I2O  |vsysclk|vsysclk|20000.0|342.1|    7|18157.9|A[27]      |O[3]     
18   |I2O  |vsysclk|vsysclk|20000.0|342.0|    7|18158.0|A[27]      |O[21]    
19   |I2O  |vsysclk|vsysclk|20000.0|342.0|    7|18158.0|A[27]      |O[17]    
20   |I2O  |vsysclk|vsysclk|20000.0|341.9|    7|18158.1|A[27]      |O[13]    
21   |I2O  |vsysclk|vsysclk|20000.0|341.9|    7|18158.1|A[27]      |O[9]     
22   |I2O  |vsysclk|vsysclk|20000.0|341.9|    7|18158.1|A[27]      |O[5]     
23   |I2O  |vsysclk|vsysclk|20000.0|341.9|    7|18158.1|A[27]      |O[1]     
24   |I2O  |vsysclk|vsysclk|20000.0|231.3|    8|18268.7|B[12]      |O[29]    
25   |I2O  |vsysclk|vsysclk|20000.0|231.3|    8|18268.7|B[12]      |O[27]    
26   |I2O  |vsysclk|vsysclk|20000.0|231.3|    8|18268.7|B[12]      |O[24]    
27   |I2O  |vsysclk|vsysclk|20000.0|230.8|    8|18269.2|B[12]      |O[31]    
28   |I2O  |vsysclk|vsysclk|20000.0|230.8|    8|18269.2|B[12]      |O[30]    
29   |I2O  |vsysclk|vsysclk|20000.0|230.8|    8|18269.2|B[12]      |O[28]    
30   |I2O  |vsysclk|vsysclk|20000.0|230.8|    8|18269.2|B[12]      |O[25]    
31   |I2O  |vsysclk|vsysclk|20000.0|230.8|    8|18269.2|B[12]      |O[23]    
32   |I2O  |vsysclk|vsysclk|20000.0|230.5|    8|18269.5|B[12]      |O[26]    
-----+-----+-------+-------+-------+-----+-----+-------+-----------+---------
Report End Points: 
-----+-----+------+-------+-----+-----+-----+-----+-----------+---------
     |Group|Launch|Capture|Shift|Delay|Depth|Slack|Begin Point|End Point
-----+-----+------+-------+-----+-----+-----+-----+-----------+---------
1    |R2O  |      |       |     |     |     |     |           |         
-----+-----+------+-------+-----+-----+-----+-----+-----------+---------
