Report End Points: 
-----+-------+------+-------+-----+-----+-----+-----+-----------+---------
     |Group  |Launch|Capture|Shift|Delay|Depth|Slack|Begin Point|End Point
-----+-------+------+-------+-----+-----+-----+-----+-----------+---------
1    |default|      |       |     |     |     |     |           |         
-----+-------+------+-------+-----+-----+-----+-----+-----------+---------
Report End Points: 
-----+-----+------+-------+-----+-----+-----+-----+-----------+---------
     |Group|Launch|Capture|Shift|Delay|Depth|Slack|Begin Point|End Point
-----+-----+------+-------+-----+-----+-----+-----+-----------+---------
1    |I2R  |      |       |     |     |     |     |           |         
-----+-----+------+-------+-----+-----+-----+-----+-----------+---------
Report End Points: 
-----+-----+-------+-------+-------+-----+-----+-------+-----------+---------
     |Group|Launch |Capture|Shift  |Delay|Depth|Slack  |Begin Point|End Point
-----+-----+-------+-------+-------+-----+-----+-------+-----------+---------
1    |I2O  |vsysclk|vsysclk|20000.0|662.9|   23|17837.1|B[2]       |Overflow 
2    |I2O  |vsysclk|vsysclk|20000.0|573.6|   21|17926.4|B[2]       |Sum[31]  
3    |I2O  |vsysclk|vsysclk|20000.0|555.7|   19|17944.3|B[2]       |Sum[30]  
4    |I2O  |vsysclk|vsysclk|20000.0|528.0|   19|17972.0|B[2]       |Sum[27]  
5    |I2O  |vsysclk|vsysclk|20000.0|514.7|   17|17985.3|B[2]       |Sum[26]  
6    |I2O  |vsysclk|vsysclk|20000.0|505.9|   18|17994.1|B[2]       |Sum[29]  
7    |I2O  |vsysclk|vsysclk|20000.0|487.1|   17|18012.9|B[2]       |Sum[23]  
8    |I2O  |vsysclk|vsysclk|20000.0|473.8|   15|18026.2|B[2]       |Sum[22]  
9    |I2O  |vsysclk|vsysclk|20000.0|465.0|   16|18035.0|B[2]       |Sum[25]  
10   |I2O  |vsysclk|vsysclk|20000.0|450.7|   17|18049.3|B[2]       |Sum[28]  
11   |I2O  |vsysclk|vsysclk|20000.0|446.2|   15|18053.8|B[2]       |Sum[19]  
12   |I2O  |vsysclk|vsysclk|20000.0|432.9|   13|18067.1|B[2]       |Sum[18]  
13   |I2O  |vsysclk|vsysclk|20000.0|424.1|   14|18075.9|B[2]       |Sum[21]  
14   |I2O  |vsysclk|vsysclk|20000.0|409.8|   15|18090.2|B[2]       |Sum[24]  
15   |I2O  |vsysclk|vsysclk|20000.0|405.2|   13|18094.8|B[2]       |Sum[15]  
16   |I2O  |vsysclk|vsysclk|20000.0|392.0|   11|18108.0|B[2]       |Sum[14]  
17   |I2O  |vsysclk|vsysclk|20000.0|383.1|   12|18116.9|B[2]       |Sum[17]  
18   |I2O  |vsysclk|vsysclk|20000.0|368.9|   13|18131.1|B[2]       |Sum[20]  
19   |I2O  |vsysclk|vsysclk|20000.0|364.3|   11|18135.7|B[2]       |Sum[11]  
20   |I2O  |vsysclk|vsysclk|20000.0|351.0|    9|18149.0|B[2]       |Sum[10]  
21   |I2O  |vsysclk|vsysclk|20000.0|342.2|   10|18157.8|B[2]       |Sum[13]  
22   |I2O  |vsysclk|vsysclk|20000.0|328.0|   11|18172.0|B[2]       |Sum[16]  
23   |I2O  |vsysclk|vsysclk|20000.0|323.4|    9|18176.6|B[2]       |Sum[7]   
24   |I2O  |vsysclk|vsysclk|20000.0|310.1|    7|18189.9|B[2]       |Sum[6]   
25   |I2O  |vsysclk|vsysclk|20000.0|301.3|    8|18198.7|B[2]       |Sum[9]   
26   |I2O  |vsysclk|vsysclk|20000.0|287.0|    9|18213.0|B[2]       |Sum[12]  
27   |I2O  |vsysclk|vsysclk|20000.0|260.4|    6|18239.6|B[2]       |Sum[5]   
28   |I2O  |vsysclk|vsysclk|20000.0|246.1|    7|18253.9|B[2]       |Sum[8]   
29   |I2O  |vsysclk|vsysclk|20000.0|227.3|    5|18272.7|Cin        |Sum[3]   
30   |I2O  |vsysclk|vsysclk|20000.0|214.0|    3|18286.0|Cin        |Sum[2]   
31   |I2O  |vsysclk|vsysclk|20000.0|205.2|    5|18294.8|B[2]       |Sum[4]   
32   |I2O  |vsysclk|vsysclk|20000.0|164.2|    2|18335.8|Cin        |Sum[1]   
33   |I2O  |vsysclk|vsysclk|20000.0|113.7|    1|18386.3|A[0]       |Sum[0]   
-----+-----+-------+-------+-------+-----+-----+-------+-----------+---------
Report End Points: 
-----+-----+------+-------+-----+-----+-----+-----+-----------+---------
     |Group|Launch|Capture|Shift|Delay|Depth|Slack|Begin Point|End Point
-----+-----+------+-------+-----+-----+-----+-----+-----------+---------
1    |R2O  |      |       |     |     |     |     |           |         
-----+-----+------+-------+-----+-----+-----+-----+-----------+---------
