Report for group default
Report for group I2R
Report for group I2O
--------------------------------------------------------------------------------------------------------------------------------------
Startpoint: b[0]
    (Clocked by vsysclk R)
Endpoint: of
    (Clocked by vsysclk R)
Path Group: I2O
Data required time: 19500.0
    (Clock shift: 20000.0, minus Uncertainty: 0.0, plus Latency 0.0, minus Out delay: 500.0)
Data arrival time: 2608.3
Slack: 16891.7
Logic depth: 49
--------------------------------------------------------------------------------------------------------------------------------------
                                                     Arrival               Arc      Net               Net    Total   fan-             
Path                     Module/Cell           Edge     Time    Delay    Delay    Delay     Slew     Load     Load    out     Location
                                                        (ps)     (ps)     (ps)     (ps)     (ps)     (ff)     (ff)    (#)      (um,um)
--------------------------------------------------------------------------------------------------------------------------------------
b[0]                     {set_input_delay}        r   1000.0   1000.0   1000.0                        5.0     13.3      2    39,   78 
rca1/genblk1_0_FA/i_0_0/B->Z
                         XOR2_X2                 rf   1018.7     18.3     18.3      0.0      0.0      1.4      8.7      2    39,   40 
rca1/genblk1_0_FA/i_0_2/A1->ZN
                         AOI22_X4                fr   1080.5     61.8     61.8      0.0     14.9      0.7     26.2      1    39,   40 
rca1/genblk1_0_FA/i_0_3/A->ZN
                         INV_X8                  rf   1089.2      8.7      8.7      0.0     50.8      1.4      9.0      2    39,   40 
rca1/genblk1_1_FA/i_0_2/A2->ZN
                         AOI22_X4                fr   1151.7     62.9     62.5      0.4      4.0      0.7     26.2      1    39,   40 
rca1/genblk1_1_FA/i_0_3/A->ZN
                         INV_X8                  rf   1160.4      9.1      8.7      0.4     50.8      1.4      9.0      2    39,   40 
rca1/genblk1_2_FA/i_0_2/A2->ZN
                         AOI22_X4                fr   1222.9     62.5     62.5      0.0      4.0      0.7     26.2      1    39,   40 
rca1/genblk1_2_FA/i_0_3/A->ZN
                         INV_X8                  rf   1231.6      8.7      8.7      0.0     50.8      1.4      9.0      2    39,   40 
rca1/genblk1_3_FA/i_0_2/A2->ZN
                         AOI22_X4                fr   1294.1     62.5     62.5      0.0      4.0      0.7     26.2      1    39,   40 
rca1/genblk1_3_FA/i_0_3/A->ZN
                         INV_X8                  rf   1302.8      8.7      8.7      0.0     50.8      1.4      9.0      2    39,   40 
rca1/genblk1_4_FA/i_0_2/A2->ZN
                         AOI22_X4                fr   1365.3     62.5     62.5      0.0      4.0      0.7     26.2      1    39,   40 
rca1/genblk1_4_FA/i_0_3/A->ZN
                         INV_X8                  rf   1374.0      8.7      8.7      0.0     50.8      1.4      9.0      2    39,   40 
rca1/genblk1_5_FA/i_0_2/A2->ZN
                         AOI22_X4                fr   1436.5     62.5     62.5      0.0      4.0      0.7     26.2      1    39,   40 
rca1/genblk1_5_FA/i_0_3/A->ZN
                         INV_X8                  rf   1445.2      8.7      8.7      0.0     50.8      1.4      9.0      2    39,   40 
rca1/genblk1_6_FA/i_0_2/A2->ZN
                         AOI22_X4                fr   1507.7     62.5     62.5      0.0      4.0      0.7     26.2      1    39,   40 
rca1/genblk1_6_FA/i_0_3/A->ZN
                         INV_X8                  rf   1516.4      8.7      8.7      0.0     50.8      1.4      9.0      2    39,   40 
rca1/genblk1_7_FA/i_0_2/A2->ZN
                         AOI22_X4                fr   1578.9     62.5     62.5      0.0      4.0      0.7     26.2      1    39,   40 
rca1/genblk1_7_FA/i_0_3/A->ZN
                         INV_X8                  rf   1587.6      8.7      8.7      0.0     50.8      1.4      9.0      2    39,   40 
rca1/genblk1_8_FA/i_0_2/A2->ZN
                         AOI22_X4                fr   1650.1     62.5     62.5      0.0      4.0      0.7     26.2      1    39,   40 
rca1/genblk1_8_FA/i_0_3/A->ZN
                         INV_X8                  rf   1658.8      8.7      8.7      0.0     50.8      1.4      9.0      2    39,   40 
rca1/genblk1_9_FA/i_0_2/A2->ZN
                         AOI22_X4                fr   1721.3     62.5     62.5      0.0      4.0      0.7     26.2      1    39,   40 
rca1/genblk1_9_FA/i_0_3/A->ZN
                         INV_X8                  rf   1730.0      8.7      8.7      0.0     50.8      1.4      9.0      2    39,   40 
rca1/genblk1_10_FA/i_0_2/A2->ZN
                         AOI22_X4                fr   1792.5     62.5     62.5      0.0      4.0      0.7     26.2      1    39,   40 
rca1/genblk1_10_FA/i_0_3/A->ZN
                         INV_X8                  rf   1801.2      8.7      8.7      0.0     50.8      1.4      9.0      2    39,   40 
rca1/genblk1_11_FA/i_0_2/A2->ZN
                         AOI22_X4                fr   1863.7     62.5     62.5      0.0      4.0      0.7     26.2      1    39,   40 
rca1/genblk1_11_FA/i_0_3/A->ZN
                         INV_X8                  rf   1872.4      8.7      8.7      0.0     50.8      1.4      9.0      2    39,   40 
rca1/genblk1_12_FA/i_0_2/A2->ZN
                         AOI22_X4                fr   1934.9     62.5     62.5      0.0      4.0      0.7     26.2      1    39,   40 
rca1/genblk1_12_FA/i_0_3/A->ZN
                         INV_X8                  rf   1943.6      8.7      8.7      0.0     50.8      1.4      9.0      2    39,   40 
rca1/genblk1_13_FA/i_0_2/A2->ZN
                         AOI22_X4                fr   2006.1     62.5     62.5      0.0      4.0      0.7     26.2      1    39,   40 
rca1/genblk1_13_FA/i_0_3/A->ZN
                         INV_X8                  rf   2014.8      8.7      8.7      0.0     50.8      1.4      9.0      2    39,   40 
rca1/genblk1_14_FA/i_0_2/A2->ZN
                         AOI22_X4                fr   2077.3     62.5     62.5      0.0      4.0      0.7     26.2      1    39,   40 
rca1/genblk1_14_FA/i_0_3/A->ZN
                         INV_X8                  rf   2086.7      9.4      9.4      0.0     50.8      1.8     10.6      3    39,   40 
i_0_0_0/A1->ZN           AND2_X4                 ff   2111.8     25.1     25.1      0.0      4.2      1.2      6.5      2    39,   40 
i_0_0_1/A1->ZN           AND2_X4                 ff   2137.9     26.1     26.1      0.0      6.2      1.2      6.5      2    39,   40 
i_0_0_2/A1->ZN           AND2_X4                 ff   2164.0     26.1     26.1      0.0      6.2      1.2      6.5      2    39,   40 
i_0_0_3/A1->ZN           AND2_X4                 ff   2190.1     26.1     26.1      0.0      6.2      1.2      6.5      2    39,   40 
i_0_0_4/A1->ZN           AND2_X4                 ff   2216.2     26.1     26.1      0.0      6.2      1.2      6.5      2    39,   40 
i_0_0_5/A1->ZN           AND2_X4                 ff   2242.3     26.1     26.1      0.0      6.2      1.2      6.5      2    39,   40 
i_0_0_6/A1->ZN           AND2_X4                 ff   2268.4     26.1     26.1      0.0      6.2      1.2      6.5      2    39,   40 
i_0_0_7/A1->ZN           AND2_X4                 ff   2294.5     26.1     26.1      0.0      6.2      1.2      6.5      2    39,   40 
i_0_0_8/A1->ZN           AND2_X4                 ff   2320.6     26.1     26.1      0.0      6.2      1.2      6.5      2    39,   40 
i_0_0_9/A1->ZN           AND2_X4                 ff   2346.7     26.1     26.1      0.0      6.2      1.2      6.5      2    39,   40 
i_0_0_10/A1->ZN          AND2_X4                 ff   2372.8     26.1     26.1      0.0      6.2      1.2      6.5      2    39,   40 
i_0_0_11/A1->ZN          AND2_X4                 ff   2398.9     26.1     26.1      0.0      6.2      1.2      6.5      2    39,   40 
i_0_0_12/A1->ZN          AND2_X4                 ff   2425.0     26.1     26.1      0.0      6.2      1.2      6.5      2    39,   40 
i_0_0_13/A1->ZN          AND2_X4                 ff   2451.1     26.1     26.1      0.0      6.2      1.2      6.5      2    39,   40 
i_0_0_14/A1->ZN          AND2_X4                 ff   2479.9     28.8     28.8      0.0      6.2      1.9     12.7      3    39,   40 
i_0_0_31/B1->ZN          AOI21_X4                fr   2533.7     53.8     53.8      0.0      7.7      0.6     26.1      1    39,   40 
i_0_0_32/A->ZN           INV_X8                  rf   2547.1     13.4     13.4      0.0     47.2      0.6     19.2      2    39,   40 
i_0_0_33/A->Z            XOR2_X2                 ff   2607.8     60.7     60.7      0.0      5.1      5.3     15.3      1    39,   40 
of                                                f   2608.3      0.5               0.5     18.7                             78,   42 
--------------------------------------------------------------------------------------------------------------------------------------
Report for group R2O
